{
  "1": "premi\u00e8re", 
  "2": "two", 
  "4": "four"
}