{
  "1": "one", 
  "2": "deux", 
  "3": "three", 
  "4": "feir"
}