{
  "1": "premi\u00e8re", 
  "3": "three", 
  "2": "two"
}