{
  "1": "premi\u00e8re", 
  "2": "two", 
  "3": "three", 
  "4": "four"
}